// Jest Snapshot v1, https://goo.gl/fbAQLP

exports[`renders homepage correctly 1`] = `
<div>
  <footer
    class="container footer"
  >
    Copyright ©
    <a
      aria-label="Go to developer's github profile"
      href="https://github.com/Abdelkrim-Saouchi"
    >
      Krimothiazine
    </a>
  </footer>
</div>
`;
